02:42:39 PASS All three embedded maps load during native loop
02:42:39 PASS Live game boot
02:42:41 PASS Native numeric selection draws Gauss
02:42:48 PASS Gauss charges in untouched simulation loop
02:42:49 PASS Native release fires and damages target
02:42:55 PASS EMP pulse works through a short real key press
02:42:55 PASS EMP produces a finite electronic timer
02:42:56 PASS Binocular zoom changes live camera projection
02:42:57 PASS Live optical observation marks a visible location
02:42:57 PASS Selector pauses and disarms held inputs
02:42:57 PASS Returning to hands free restores original view
02:42:57 PASS Native loop continues across all equipment modes
02:42:57 PASS Actual key begins extraction, not instant car access
02:43:01 PASS Renderer uses independent actor palettes during extraction
02:43:20 PASS Paired action completes in untouched loop
02:43:20 PASS Real simulation time and frames advanced
02:43:21 PASS No GL error after seat transfer
02:43:40 PASS Newly occupied vehicle accelerates
02:43:54 PASS Live exit restores on-foot control
02:43:56 PASS Natural locomotion continues after exit
02:44:05 PASS Continuous drive crosses streamed sector seam
02:44:05 PASS World and crowd GPU allocations remain bounded
02:44:11 PASS Atlas works with native loop
02:44:16 PASS Final rendering without GL errors
02:44:16 PASS No JavaScript or shader exceptions
02:44:16 PASS No external requests
RESULT 26 0
