Traceback (most recent call last):
  File "/mnt/data/dc-v016-work/distrito-cero/tests/traits_gallery.py", line 17, in <module>
    data=p.evaluate("""i=>{const a=DC_APP,s=a.creator.preview,r=a.renderer;s.appearance.hairStyle=i;r.frame=0;drawActual(s);return{style:i,label:DC.Appearance.options.hairStyle[i],gl:r.gl.getError(),camera:{eye:r.camera.eye,target:r.camera.target},stats:r.castStats};}""",i)
  File "/opt/pyvenv/lib/python3.13/site-packages/playwright/sync_api/_generated.py", line 8562, in evaluate
    self._sync(
    ~~~~~~~~~~^
        self._impl_obj.evaluate(expression=expression, arg=mapping.to_impl(arg))
        ^^^^^^^^^^^^^^^^^^^^^^^^^^^^^^^^^^^^^^^^^^^^^^^^^^^^^^^^^^^^^^^^^^^^^^^^
    )
    ^
  File "/opt/pyvenv/lib/python3.13/site-packages/playwright/_impl/_sync_base.py", line 115, in _sync
    return task.result()
           ~~~~~~~~~~~^^
  File "/opt/pyvenv/lib/python3.13/site-packages/playwright/_impl/_page.py", line 464, in evaluate
    return await self._main_frame.evaluate(expression, arg)
           ^^^^^^^^^^^^^^^^^^^^^^^^^^^^^^^^^^^^^^^^^^^^^^^^
  File "/opt/pyvenv/lib/python3.13/site-packages/playwright/_impl/_frame.py", line 320, in evaluate
    await self._channel.send(
    ...<6 lines>...
    )
  File "/opt/pyvenv/lib/python3.13/site-packages/playwright/_impl/_connection.py", line 69, in send
    return await self._connection.wrap_api_call(
           ^^^^^^^^^^^^^^^^^^^^^^^^^^^^^^^^^^^^^
    ...<3 lines>...
    )
    ^
  File "/opt/pyvenv/lib/python3.13/site-packages/playwright/_impl/_connection.py", line 559, in wrap_api_call
    raise rewrite_error(error, f"{parsed_st['apiName']}: {error}") from None
playwright._impl._errors.Error: Page.evaluate: TypeError: Cannot read properties of undefined (reading 'hairStyle')
    at eval (eval at evaluate (:290:30), <anonymous>:1:145)
    at UtilityScript.evaluate (<anonymous>:297:18)
    at UtilityScript.<anonymous> (<anonymous>:1:44)
