01:43:55 PASS All three embedded maps load during native loop
01:43:56 PASS Live game boot
01:43:57 PASS Native numeric selection draws Gauss
01:44:04 PASS Gauss charges in untouched simulation loop
01:44:04 PASS Native release fires and damages target
01:44:11 PASS EMP pulse works through a short real key press
01:44:11 PASS EMP produces a finite electronic timer
01:44:12 PASS Binocular zoom changes live camera projection
01:44:13 PASS Live optical observation marks a visible location
01:44:13 PASS Selector pauses and disarms held inputs
01:44:13 PASS Returning to hands free restores original view
01:44:13 PASS Native loop continues across all equipment modes
01:44:13 PASS Actual key begins extraction, not instant car access
01:44:17 PASS Renderer uses independent actor palettes during extraction
01:44:38 PASS Paired action completes in untouched loop
01:44:38 PASS Real simulation time and frames advanced
01:44:38 PASS No GL error after seat transfer
01:44:57 PASS Newly occupied vehicle accelerates
01:45:19 PASS Live exit restores on-foot control
01:45:24 PASS Natural locomotion continues after exit
01:45:41 PASS Continuous drive crosses streamed sector seam
01:45:41 PASS World and crowd GPU allocations remain bounded
01:45:54 PASS Atlas works with native loop
01:46:07 PASS Final rendering without GL errors
01:46:07 PASS No JavaScript or shader exceptions
01:46:07 PASS No external requests
RESULT 26 0
